Successfully created and bound socket.
Socket fd:5, IP:0.0.0.0, PORT:8080
Location: /
./site/
Location: /CSS/
./site/CSS/
Location: /IMG/
./site/IMG/
New server: default
Successfully created and bound socket.
Socket fd:6, IP:0.0.0.0, PORT:8081
Location: /
./site2/
Location: /CSS/
./site2/CSS/
Location: /IMG/
./site2/IMG/
New server: zizi
		 SERV_FD: 5
		 SERV_FD: 6
		 SERV_FD: 5
		 SERV_FD: 6
	Waiting for something to happen..
ACCEPTED: Socket fd:3, IP:127.0.0.1, PORT:39570
Socket fd:3, IP:127.0.0.1, PORT:39570
	Waiting for something to happen..
		5
GET Response: ./site/index.html
path: /
folder: /
file: index.html
Key: / Value: ./site/
Key: /CSS/ Value: ./site/CSS/
Key: /IMG/ Value: ./site/IMG/
Socket fd:3, IP:127.0.0.1, PORT:39570
	Waiting for something to happen..
ACCEPTED: Socket fd:3, IP:127.0.0.1, PORT:39572
Socket fd:3, IP:127.0.0.1, PORT:39572
	Waiting for something to happen..
		5
GET Response: style.css
path: /CSS/style.css
folder: /CSS/
file: style.css
Key: / Value: ./site/
Key: /CSS/ Value: ./site/CSS/
Key: /CSS/style.css Value: 
Key: /IMG/ Value: ./site/IMG/
Socket fd:3, IP:127.0.0.1, PORT:39570
	Waiting for something to happen..
ACCEPTED: Socket fd:3, IP:127.0.0.1, PORT:39588
Socket fd:3, IP:127.0.0.1, PORT:39588
	Waiting for something to happen..
		5
GET Response: bckg.png
path: /IMG/bckg.png
folder: /IMG/
file: bckg.png
Key: / Value: ./site/
Key: /CSS/ Value: ./site/CSS/
Key: /CSS/style.css Value: 
Key: /IMG/ Value: ./site/IMG/
Key: /IMG/bckg.png Value: 
Socket fd:3, IP:127.0.0.1, PORT:39570
	Waiting for something to happen..
	Waiting for something to happen..
	Waiting for something to happen..
	Waiting for something to happen..
	Waiting for something to happen..
	Waiting for something to happen..
	Waiting for something to happen..
	Waiting for something to happen..
	Waiting for something to happen..
	Waiting for something to happen..
	Waiting for something to happen..
	Waiting for something to happen..
	Waiting for something to happen..
	Waiting for something to happen..
	Waiting for something to happen..
	Waiting for something to happen..
	Waiting for something to happen..
	Waiting for something to happen..
